<?xml version="1.0" encoding="utf-8"?><testsuites><testsuite name="pytest" errors="0" failures="0" skipped="0" tests="52" time="0.311" timestamp="2025-02-06T13:43:32.161103" hostname="DIT004281"><testcase classname="tests.test_actions" name="test_save_only_in_database_action_mixin_action_class" time="0.002" /><testcase classname="tests.test_actions" name="test_email_action_mixin_action_class" time="0.001" /><testcase classname="tests.test_actions" name="test_zendesk_action_mixin_action_class" time="0.001" /><testcase classname="tests.test_actions" name="test_zendesk_action_mixin_action_class_subdomain" time="0.001" /><testcase classname="tests.test_actions" name="test_gov_notify_email_action_mixin_action_class" time="0.001" /><testcase classname="tests.test_actions" name="test_gov_notify_email_action_mixin_action_class_no_reply_id" time="0.001" /><testcase classname="tests.test_actions" name="test_gov_notify_bulk_email_action_mixin_action_class" time="0.001" /><testcase classname="tests.test_actions" name="test_gov_notify_bulk_email_action_mixin_action_class_no_reply_id" time="0.001" /><testcase classname="tests.test_actions" name="test_pardot_action_mixin_action_class" time="0.001" /><testcase classname="tests.test_actions" name="test_gov_notify_letter_action_mixin_action_class" time="0.001" /><testcase classname="tests.test_actions" name="test_hcsat_submission_action_mixin_action_class" time="0.001" /><testcase classname="tests.test_client.APIFormsClientTest" name="test_delete_form_with_authenticator" time="0.012" /><testcase classname="tests.test_client.APIFormsClientTest" name="test_gov_notify_bulk_email_generic" time="0.005" /><testcase classname="tests.test_client.APIFormsClientTest" name="test_gov_notify_bulk_email_with_authenticator" time="0.004" /><testcase classname="tests.test_client.APIFormsClientTest" name="test_ping" time="0.003" /><testcase classname="tests.test_client.APIFormsClientTest" name="test_ping_with_authenticator" time="0.003" /><testcase classname="tests.test_client.APIFormsClientTest" name="test_sender_id" time="0.001" /><testcase classname="tests.test_client.APIFormsClientTest" name="test_submit_generic" time="0.003" /><testcase classname="tests.test_client.APIFormsClientTest" name="test_submit_generic_with_authenticator" time="0.003" /><testcase classname="tests.test_client.APIFormsClientTest" name="test_timeout" time="0.001" /><testcase classname="tests.test_client.APIFormsClientTest" name="test_version" time="0.001" /><testcase classname="tests.test_forms" name="test_email_action_form" time="0.001" /><testcase classname="tests.test_forms" name="test_zendesk_action_form" time="0.001" /><testcase classname="tests.test_forms" name="test_email_action_mixin_user_submitted_email[classes0]" time="0.004" /><testcase classname="tests.test_forms" name="test_email_action_mixin_user_submitted_email[classes1]" time="0.001" /><testcase classname="tests.test_forms" name="test_email_action_mixin_environment_defined_email[classes0]" time="0.001" /><testcase classname="tests.test_forms" name="test_email_action_mixin_environment_defined_email[classes1]" time="0.001" /><testcase classname="tests.test_forms" name="test_zendesk_action_mixin[classes0]" time="0.002" /><testcase classname="tests.test_forms" name="test_zendesk_action_mixin[classes1]" time="0.001" /><testcase classname="tests.test_forms" name="test_email_action_mixin_not_implemented[classes0]" time="0.001" /><testcase classname="tests.test_forms" name="test_email_action_mixin_not_implemented[classes1]" time="0.001" /><testcase classname="tests.test_forms" name="test_gov_notify_email_action[classes0]" time="0.001" /><testcase classname="tests.test_forms" name="test_gov_notify_email_action[classes1]" time="0.001" /><testcase classname="tests.test_forms" name="test_gov_notify_action_no_reply_to_id[classes0]" time="0.001" /><testcase classname="tests.test_forms" name="test_gov_notify_action_no_reply_to_id[classes1]" time="0.001" /><testcase classname="tests.test_forms" name="test_gov_notify_bulk_email_action[classes0]" time="0.001" /><testcase classname="tests.test_forms" name="test_gov_notify_bulk_email_action[classes1]" time="0.001" /><testcase classname="tests.test_forms" name="test_pardot_action[classes0]" time="0.001" /><testcase classname="tests.test_forms" name="test_pardot_action[classes1]" time="0.001" /><testcase classname="tests.test_forms" name="test_gov_notify_letter_action[classes0]" time="0.001" /><testcase classname="tests.test_forms" name="test_gov_notify_letter_action[classes1]" time="0.001" /><testcase classname="tests.test_forms" name="test_hcsat_submission_action[classes0]" time="0.002" /><testcase classname="tests.test_forms" name="test_hcsat_submission_action[classes1]" time="0.001" /><testcase classname="tests.test_helpers" name="test_form_session_set_ingress_url" time="0.001" /><testcase classname="tests.test_helpers" name="test_form_session_unset_ingress_url" time="0.001" /><testcase classname="tests.test_helpers" name="test_form_session_set_funnel_steps" time="0.001" /><testcase classname="tests.test_helpers" name="test_form_session_unset_funnel_steps" time="0.001" /><testcase classname="tests.test_helpers" name="test_form_session_unset_all" time="0.001" /><testcase classname="tests.test_helpers" name="test_form_session_mixin" time="0.001" /><testcase classname="tests.test_helpers" name="test_form_ingress_url_mixin_set_if_http_referer" time="0.001" /><testcase classname="tests.test_helpers" name="test_form_ingress_url_mixin_not_overrite" time="0.001" /><testcase classname="tests.test_helpers" name="test_form_ingress_url_referer_header_missing" time="0.003" /></testsuite></testsuites>